<?php return array (
  0 => 'Symfony\\Bundle\\FrameworkBundle\\Controller\\AbstractController',
  1 => 'App\\Controller\\APIController',
  2 => 'App\\Controller\\AccionesExtranetController',
  3 => 'App\\Controller\\ChangePasswordController',
  4 => 'App\\Controller\\DashboardController',
  5 => 'App\\Controller\\GrupoController',
  6 => 'App\\Controller\\GrupoKeycloakController',
  7 => 'App\\Controller\\KeycloakApiController',
  8 => 'App\\Controller\\KeycloakFullApiController',
  9 => 'App\\Controller\\MenuController',
  10 => 'App\\Controller\\MenuitemController',
  11 => 'App\\Controller\\NacionalidadController',
  12 => 'App\\Controller\\OAuthController',
  13 => 'App\\Controller\\PersonasFisicasJuridicasController',
  14 => 'App\\Controller\\PruebaController',
  15 => 'App\\Controller\\RolKeycloakController',
  16 => 'App\\Controller\\SexoController',
  17 => 'App\\Controller\\SolicitudController',
  18 => 'App\\Controller\\UsuarioController',
  19 => 'App\\Entity\\Admision',
  20 => 'App\\Entity\\Alertas',
  21 => 'App\\Entity\\Dispositivo',
  22 => 'App\\Entity\\EstadoCivil',
  23 => 'App\\Entity\\Grupo',
  24 => 'App\\Entity\\Invitacion',
  25 => 'App\\Entity\\KeycloakId',
  26 => 'App\\Entity\\Menu',
  27 => 'App\\Entity\\Menuitem',
  28 => 'App\\Entity\\Nacionalidad',
  29 => 'App\\Entity\\Parametros',
  30 => 'App\\Entity\\PersonaFisica',
  31 => 'App\\Entity\\PersonaJuridica',
  32 => 'App\\Entity\\Prueba',
  33 => 'App\\Entity\\Realm',
  34 => 'App\\Entity\\Representacion',
  35 => 'App\\Entity\\Role',
  36 => 'App\\Entity\\Rolemenu',
  37 => 'App\\Entity\\Sexo',
  38 => 'App\\Entity\\Solicitud',
  39 => 'App\\Entity\\TipoCuitCuil',
  40 => 'App\\Entity\\TipoDispositivo',
  41 => 'App\\Entity\\TipoDocumento',
  42 => 'App\\Entity\\User',
  43 => 'App\\Entity\\UserRealm',
  44 => 'App\\Entity\\UserRole',
  45 => 'App\\Entity\\UsuarioDispositivo',
  46 => 'Doctrine\\Bundle\\DoctrineBundle\\Controller\\ProfilerController',
  47 => 'Doctrine\\ORM\\Cache\\Persister\\Entity\\AbstractEntityPersister',
  48 => 'Doctrine\\ORM\\Cache\\Persister\\Entity\\CachedEntityPersister',
  49 => 'Doctrine\\ORM\\Cache\\Persister\\Entity\\NonStrictReadWriteCachedEntityPersister',
  50 => 'Doctrine\\ORM\\Cache\\Persister\\Entity\\ReadOnlyCachedEntityPersister',
  51 => 'Doctrine\\ORM\\Cache\\Persister\\Entity\\ReadWriteCachedEntityPersister',
  52 => 'Doctrine\\ORM\\Persisters\\Entity\\AbstractEntityInheritancePersister',
  53 => 'Doctrine\\ORM\\Persisters\\Entity\\BasicEntityPersister',
  54 => 'Doctrine\\ORM\\Persisters\\Entity\\CachedPersisterContext',
  55 => 'Doctrine\\ORM\\Persisters\\Entity\\EntityPersister',
  56 => 'Doctrine\\ORM\\Persisters\\Entity\\JoinedSubclassPersister',
  57 => 'Doctrine\\ORM\\Persisters\\Entity\\SingleTablePersister',
  58 => 'SimpleThings\\EntityAudit\\Controller\\AuditController',
  60 => 'Symfony\\Bundle\\FrameworkBundle\\Controller\\ControllerResolver',
  61 => 'Symfony\\Bundle\\FrameworkBundle\\Controller\\RedirectController',
  62 => 'Symfony\\Bundle\\FrameworkBundle\\Controller\\TemplateController',
  63 => 'Symfony\\Bundle\\WebProfilerBundle\\Controller\\ExceptionPanelController',
  64 => 'Symfony\\Bundle\\WebProfilerBundle\\Controller\\ProfilerController',
  65 => 'Symfony\\Bundle\\WebProfilerBundle\\Controller\\RouterController',
  66 => 'Symfony\\Component\\HttpKernel\\Controller\\ArgumentResolver',
  67 => 'Symfony\\Component\\HttpKernel\\Controller\\ArgumentResolverInterface',
  68 => 'Symfony\\Component\\HttpKernel\\Controller\\ArgumentResolver\\DefaultValueResolver',
  69 => 'Symfony\\Component\\HttpKernel\\Controller\\ArgumentResolver\\NotTaggedControllerValueResolver',
  70 => 'Symfony\\Component\\HttpKernel\\Controller\\ArgumentResolver\\RequestAttributeValueResolver',
  71 => 'Symfony\\Component\\HttpKernel\\Controller\\ArgumentResolver\\RequestValueResolver',
  72 => 'Symfony\\Component\\HttpKernel\\Controller\\ArgumentResolver\\ServiceValueResolver',
  73 => 'Symfony\\Component\\HttpKernel\\Controller\\ArgumentResolver\\SessionValueResolver',
  74 => 'Symfony\\Component\\HttpKernel\\Controller\\ArgumentResolver\\TraceableValueResolver',
  75 => 'Symfony\\Component\\HttpKernel\\Controller\\ArgumentResolver\\VariadicValueResolver',
  76 => 'Symfony\\Component\\HttpKernel\\Controller\\ArgumentValueResolverInterface',
  77 => 'Symfony\\Component\\HttpKernel\\Controller\\ContainerControllerResolver',
  78 => 'Symfony\\Component\\HttpKernel\\Controller\\ControllerReference',
  79 => 'Symfony\\Component\\HttpKernel\\Controller\\ControllerResolver',
  80 => 'Symfony\\Component\\HttpKernel\\Controller\\ControllerResolverInterface',
  81 => 'Symfony\\Component\\HttpKernel\\Controller\\ErrorController',
  82 => 'Symfony\\Component\\HttpKernel\\Controller\\TraceableArgumentResolver',
  83 => 'Symfony\\Component\\HttpKernel\\Controller\\TraceableControllerResolver',
  84 => 'Symfony\\Component\\Security\\Http\\Controller\\UserValueResolver',
);